Automated test run at: 2026-02-24 15:15:09
Automated test run at: 2026-02-24 15:16:24
